
> vape-shop-mini-app@1.0.0 build
> next build

  тЦ▓ Next.js 14.2.35
  - Environments: .env.local

   Linting and checking validity of types ...

./pages/admin/banners.tsx
58:6  Warning: React Hook useEffect has a missing dependency: 'loadBanners'. Either include it or remove the dependency array.  react-hooks/exhaustive-deps

./pages/admin/index.tsx
21:6  Warning: React Hook useEffect has a missing dependency: 'checkAdmin'. Either include it or remove the dependency array.  react-hooks/exhaustive-deps

./pages/admin/logs.tsx
31:6  Warning: React Hook useEffect has a missing dependency: 'fetchLogs'. Either include it or remove the dependency array.  react-hooks/exhaustive-deps

./pages/admin/manager-stats.tsx
18:6  Warning: React Hook useEffect has a missing dependency: 'loadStats'. Either include it or remove the dependency array.  react-hooks/exhaustive-deps

./pages/admin/price-import.tsx
55:6  Warning: React Hook useEffect has a missing dependency: 'fetchItems'. Either include it or remove the dependency array.  react-hooks/exhaustive-deps

./pages/admin/products.tsx
48:6  Warning: React Hook useEffect has a missing dependency: 'fetchProducts'. Either include it or remove the dependency array.  react-hooks/exhaustive-deps

./pages/admin/promotions.tsx
28:6  Warning: React Hook useEffect has a missing dependency: 'loadPromotions'. Either include it or remove the dependency array.  react-hooks/exhaustive-deps

./pages/admin/users.tsx
26:6  Warning: React Hook useEffect has a missing dependency: 'fetchUsers'. Either include it or remove the dependency array.  react-hooks/exhaustive-deps

./pages/api/cron/abandoned-cart.ts
32:5  Warning: Unexpected console statement.  no-console
50:5  Warning: Unexpected console statement.  no-console
72:11  Warning: Unexpected console statement.  no-console
88:11  Warning: Unexpected console statement.  no-console
134:11  Warning: Unexpected console statement.  no-console
136:11  Warning: Unexpected console statement.  no-console
149:5  Warning: Unexpected console statement.  no-console

./pages/api/cron/cleanup-old-sessions.ts
75:5  Warning: Unexpected console statement.  no-console

./pages/api/cron/db-backup.ts
40:5  Warning: Unexpected console statement.  no-console
78:5  Warning: Unexpected console statement.  no-console

./pages/balance.tsx
24:6  Warning: React Hook useEffect has a missing dependency: 'loadBalance'. Either include it or remove the dependency array.  react-hooks/exhaustive-deps

./pages/cart.tsx
61:6  Warning: React Hook useEffect has missing dependencies: 'fetchCart' and 'fetchDeliveryOptions'. Either include them or remove the dependency array.  react-hooks/exhaustive-deps

./pages/courier/deliveries.tsx
22:6  Warning: React Hook useEffect has a missing dependency: 'loadDeliveries'. Either include it or remove the dependency array.  react-hooks/exhaustive-deps

./pages/gamification.tsx
17:6  Warning: React Hook useEffect has a missing dependency: 'loadLevel'. Either include it or remove the dependency array.  react-hooks/exhaustive-deps

./pages/index.tsx
133:6  Warning: React Hook useEffect has a missing dependency: 'fetchProducts'. Either include it or remove the dependency array.  react-hooks/exhaustive-deps
138:6  Warning: React Hook useEffect has missing dependencies: 'fetchProducts' and 'saveFilters'. Either include them or remove the dependency array.  react-hooks/exhaustive-deps
142:6  Warning: React Hook useEffect has a missing dependency: 'fetchCartCount'. Either include it or remove the dependency array.  react-hooks/exhaustive-deps

./pages/page/[slug].tsx
24:6  Warning: React Hook useEffect has a missing dependency: 'fetchPage'. Either include it or remove the dependency array.  react-hooks/exhaustive-deps

./pages/profile.tsx
94:6  Warning: React Hook useEffect has missing dependencies: 'fetchAddresses', 'fetchFavorites', 'fetchOrders', and 'fetchProfile'. Either include them or remove the dependency array.  react-hooks/exhaustive-deps

./pages/referral.tsx
17:6  Warning: React Hook useEffect has a missing dependency: 'loadReferralInfo'. Either include it or remove the dependency array.  react-hooks/exhaustive-deps

./pages/saved-for-later.tsx
20:6  Warning: React Hook useEffect has a missing dependency: 'loadSavedItems'. Either include it or remove the dependency array.  react-hooks/exhaustive-deps

./pages/support/customers/[id].tsx
21:6  Warning: React Hook useEffect has a missing dependency: 'loadCustomerData'. Either include it or remove the dependency array.  react-hooks/exhaustive-deps

./pages/support/tickets/[id].tsx
13:6  Warning: React Hook useEffect has a missing dependency: 'loadTicket'. Either include it or remove the dependency array.  react-hooks/exhaustive-deps

./pages/support/tickets.tsx
23:6  Warning: React Hook useEffect has a missing dependency: 'loadTickets'. Either include it or remove the dependency array.  react-hooks/exhaustive-deps

./pages/tracking/index.tsx
76:6  Warning: React Hook useEffect has a missing dependency: 'loadTracking'. Either include it or remove the dependency array.  react-hooks/exhaustive-deps

./pages/tracking/[orderId].tsx
28:6  Warning: React Hook useEffect has a missing dependency: 'loadTracking'. Either include it or remove the dependency array.  react-hooks/exhaustive-deps

./components/AuditLogViewer.tsx
71:9  Warning: The 'logs' logical expression could make the dependencies of useMemo Hook (at line 79) change on every render. To fix this, wrap the initialization of 'logs' in its own useMemo() Hook.  react-hooks/exhaustive-deps
71:9  Warning: The 'logs' logical expression could make the dependencies of useMemo Hook (at line 84) change on every render. To fix this, wrap the initialization of 'logs' in its own useMemo() Hook.  react-hooks/exhaustive-deps

./components/ChatWindow.tsx
25:6  Warning: React Hook useEffect has a missing dependency: 'loadMessages'. Either include it or remove the dependency array.  react-hooks/exhaustive-deps

./components/DashboardCharts.tsx
28:6  Warning: React Hook useEffect has a missing dependency: 'fetchData'. Either include it or remove the dependency array.  react-hooks/exhaustive-deps
131:6  Warning: React Hook useEffect has a missing dependency: 'fetchTopProducts'. Either include it or remove the dependency array.  react-hooks/exhaustive-deps

./components/ImageUpload.tsx
84:9  Warning: Unexpected console statement.  no-console

./components/ProductImage.tsx
27:7  Warning: Using `<img>` could result in slower LCP and higher bandwidth. Consider using `<Image />` from `next/image` to automatically optimize images. This may incur additional usage or cost from your provider. See: https://nextjs.org/docs/messages/no-img-element  @next/next/no-img-element

./components/SearchInput.tsx
115:9  Warning: The attribute aria-expanded is not supported by the role textbox. This role is implicit on the element input.  jsx-a11y/role-supports-aria-props
194:23  Warning: Using `<img>` could result in slower LCP and higher bandwidth. Consider using `<Image />` from `next/image` to automatically optimize images. This may incur additional usage or cost from your provider. See: https://nextjs.org/docs/messages/no-img-element  @next/next/no-img-element

./lib/bot/payments.ts
131:5  Warning: Unexpected console statement.  no-console
187:9  Warning: Unexpected console statement.  no-console

./lib/errorRecovery.tsx
105:11  Warning: Unexpected console statement.  no-console
161:6  Warning: React Hook useEffect has a missing dependency: 'executeRetry'. Either include it or remove the dependency array.  react-hooks/exhaustive-deps

./lib/logger.ts
78:7  Warning: Unexpected console statement.  no-console
90:5  Warning: Unexpected console statement.  no-console

./lib/migrate.ts
37:5  Warning: Unexpected console statement.  no-console
84:5  Warning: Unexpected console statement.  no-console
94:5  Warning: Unexpected console statement.  no-console
107:5  Warning: Unexpected console statement.  no-console
114:5  Warning: Unexpected console statement.  no-console
118:5  Warning: Unexpected console statement.  no-console
127:9  Warning: Unexpected console statement.  no-console
131:5  Warning: Unexpected console statement.  no-console

./lib/notifications.ts
163:5  Warning: Unexpected console statement.  no-console
444:1  Warning: Assign object to a variable before exporting as module default  import/no-anonymous-default-export

info  - Need to disable some ESLint rules? Learn more here: https://nextjs.org/docs/basic-features/eslint#disabling-rules
Failed to compile.

./pages/admin/alerts.tsx:16:20
Type error: Cannot find name 'useTelegramWebApp'.

  14 |
  15 | export default function AlertsPage() {
> 16 |   const { user } = useTelegramWebApp();
     |                    ^
  17 |   const [alerts, setAlerts] = useState<Alert[]>([]);
  18 |   const [loading, setLoading] = useState(true);
  19 |
Next.js build worker exited with code: 1 and signal: null
